2026-09-18 12:19:59,744 INFO client.DefaultNoHARMFailoverProxyProvider: Connecting to ResourceManager at hadoop-master/172.30.0.10:8032
2026-09-18 12:20:00,128 INFO client.DefaultNoHARMFailoverProxyProvider: Connecting to ResourceManager at hadoop-master/172.30.0.10:8032
2026-09-18 12:20:00,538 INFO mapreduce.JobResourceUploader: Disabling Erasure Coding for path: /tmp/hadoop-yarn/staging/root/.staging/job_1789732522524_0001
2026-09-18 12:20:01,155 INFO mapred.FileInputFormat: Total input files to process : 1
2026-09-18 12:20:01,250 INFO mapreduce.JobSubmitter: number of splits:2
2026-09-18 12:20:01,595 INFO mapreduce.JobSubmitter: Submitting tokens for job: job_1789732522524_0001
2026-09-18 12:20:01,596 INFO mapreduce.JobSubmitter: Executing with tokens: []
2026-09-18 12:20:01,829 INFO conf.Configuration: resource-types.xml not found
2026-09-18 12:20:01,830 INFO resource.ResourceUtils: Unable to find 'resource-types.xml'.
2026-09-18 12:20:02,215 INFO impl.YarnClientImpl: Submitted application application_1789732522524_0001
2026-09-18 12:20:02,300 INFO mapreduce.Job: The url to track the job: http://hadoop-master:8088/proxy/application_1789732522524_0001/
2026-09-18 12:20:02,303 INFO mapreduce.Job: Running job: job_1789732522524_0001
2026-09-18 12:20:16,529 INFO mapreduce.Job: Job job_1789732522524_0001 running in uber mode : false
2026-09-18 12:20:16,532 INFO mapreduce.Job:  map 0% reduce 0%
2026-09-18 12:20:29,653 INFO mapreduce.Job:  map 50% reduce 0%
2026-09-18 12:20:39,728 INFO mapreduce.Job:  map 100% reduce 0%
2026-09-18 12:20:47,783 INFO mapreduce.Job:  map 100% reduce 100%
2026-09-18 12:20:47,796 INFO mapreduce.Job: Job job_1789732522524_0001 completed successfully
2026-09-18 12:20:47,886 INFO mapreduce.Job: Counters: 54
	File System Counters
		FILE: Number of bytes read=2351409
		FILE: Number of bytes written=5544353
		FILE: Number of read operations=0
		FILE: Number of large read operations=0
		FILE: Number of write operations=0
		HDFS: Number of bytes read=26437073
		HDFS: Number of bytes written=103271
		HDFS: Number of read operations=11
		HDFS: Number of large read operations=0
		HDFS: Number of write operations=2
		HDFS: Number of bytes read erasure-coded=0
	Job Counters 
		Launched map tasks=2
		Launched reduce tasks=1
		Rack-local map tasks=2
		Total time spent by all maps in occupied slots (ms)=32392
		Total time spent by all reduces in occupied slots (ms)=13982
		Total time spent by all map tasks (ms)=16196
		Total time spent by all reduce tasks (ms)=6991
		Total vcore-milliseconds taken by all map tasks=16196
		Total vcore-milliseconds taken by all reduce tasks=6991
		Total megabyte-milliseconds taken by all map tasks=4146176
		Total megabyte-milliseconds taken by all reduce tasks=1789696
	Map-Reduce Framework
		Map input records=135278
		Map output records=135274
		Map output bytes=2080855
		Map output materialized bytes=2351415
		Input split bytes=218
		Combine input records=0
		Combine output records=0
		Reduce input groups=6255
		Reduce shuffle bytes=2351415
		Reduce input records=135274
		Reduce output records=6255
		Spilled Records=270548
		Shuffled Maps =2
		Failed Shuffles=0
		Merged Map outputs=2
		GC time elapsed (ms)=353
		CPU time spent (ms)=4880
		Physical memory (bytes) snapshot=494395392
		Virtual memory (bytes) snapshot=5964107776
		Total committed heap usage (bytes)=202874880
		Peak Map Physical memory (bytes)=175915008
		Peak Map Virtual memory (bytes)=1987211264
		Peak Reduce Physical memory (bytes)=142995456
		Peak Reduce Virtual memory (bytes)=1990119424
	Shuffle Errors
		BAD_ID=0
		CONNECTION=0
		IO_ERROR=0
		WRONG_LENGTH=0
		WRONG_MAP=0
		WRONG_REDUCE=0
	File Input Format Counters 
		Bytes Read=26436855
	File Output Format Counters 
		Bytes Written=103271
2026-09-18 12:20:47,887 INFO streaming.StreamJob: Output directory: output/ventes_full
