2026-09-18 12:21:08,130 INFO client.DefaultNoHARMFailoverProxyProvider: Connecting to ResourceManager at hadoop-master/172.30.0.10:8032
2026-09-18 12:21:08,392 INFO client.DefaultNoHARMFailoverProxyProvider: Connecting to ResourceManager at hadoop-master/172.30.0.10:8032
2026-09-18 12:21:08,715 INFO mapreduce.JobResourceUploader: Disabling Erasure Coding for path: /tmp/hadoop-yarn/staging/root/.staging/job_1789732522524_0002
2026-09-18 12:21:09,338 INFO mapred.FileInputFormat: Total input files to process : 1
2026-09-18 12:21:09,444 INFO mapreduce.JobSubmitter: number of splits:2
2026-09-18 12:21:09,716 INFO mapreduce.JobSubmitter: Submitting tokens for job: job_1789732522524_0002
2026-09-18 12:21:09,717 INFO mapreduce.JobSubmitter: Executing with tokens: []
2026-09-18 12:21:10,008 INFO conf.Configuration: resource-types.xml not found
2026-09-18 12:21:10,009 INFO resource.ResourceUtils: Unable to find 'resource-types.xml'.
2026-09-18 12:21:10,114 INFO impl.YarnClientImpl: Submitted application application_1789732522524_0002
2026-09-18 12:21:10,188 INFO mapreduce.Job: The url to track the job: http://hadoop-master:8088/proxy/application_1789732522524_0002/
2026-09-18 12:21:10,190 INFO mapreduce.Job: Running job: job_1789732522524_0002
2026-09-18 12:21:21,459 INFO mapreduce.Job: Job job_1789732522524_0002 running in uber mode : false
2026-09-18 12:21:21,461 INFO mapreduce.Job:  map 0% reduce 0%
2026-09-18 12:21:31,562 INFO mapreduce.Job:  map 50% reduce 0%
2026-09-18 12:21:40,631 INFO mapreduce.Job:  map 100% reduce 0%
2026-09-18 12:21:48,688 INFO mapreduce.Job:  map 100% reduce 100%
2026-09-18 12:21:48,700 INFO mapreduce.Job: Job job_1789732522524_0002 completed successfully
2026-09-18 12:21:48,800 INFO mapreduce.Job: Counters: 54
	File System Counters
		FILE: Number of bytes read=3027745
		FILE: Number of bytes written=6897100
		FILE: Number of read operations=0
		FILE: Number of large read operations=0
		FILE: Number of write operations=0
		HDFS: Number of bytes read=26437073
		HDFS: Number of bytes written=653779
		HDFS: Number of read operations=11
		HDFS: Number of large read operations=0
		HDFS: Number of write operations=2
		HDFS: Number of bytes read erasure-coded=0
	Job Counters 
		Launched map tasks=2
		Launched reduce tasks=1
		Data-local map tasks=2
		Total time spent by all maps in occupied slots (ms)=30602
		Total time spent by all reduces in occupied slots (ms)=15000
		Total time spent by all map tasks (ms)=15301
		Total time spent by all reduce tasks (ms)=7500
		Total vcore-milliseconds taken by all map tasks=15301
		Total vcore-milliseconds taken by all reduce tasks=7500
		Total megabyte-milliseconds taken by all map tasks=3917056
		Total megabyte-milliseconds taken by all reduce tasks=1920000
	Map-Reduce Framework
		Map input records=135278
		Map output records=135272
		Map output bytes=2757195
		Map output materialized bytes=3027751
		Input split bytes=218
		Combine input records=0
		Combine output records=0
		Reduce input groups=31241
		Reduce shuffle bytes=3027751
		Reduce input records=135272
		Reduce output records=31241
		Spilled Records=270544
		Shuffled Maps =2
		Failed Shuffles=0
		Merged Map outputs=2
		GC time elapsed (ms)=323
		CPU time spent (ms)=5380
		Physical memory (bytes) snapshot=500056064
		Virtual memory (bytes) snapshot=5971308544
		Total committed heap usage (bytes)=204472320
		Peak Map Physical memory (bytes)=178237440
		Peak Map Virtual memory (bytes)=1989988352
		Peak Reduce Physical memory (bytes)=146374656
		Peak Reduce Virtual memory (bytes)=1992540160
	Shuffle Errors
		BAD_ID=0
		CONNECTION=0
		IO_ERROR=0
		WRONG_LENGTH=0
		WRONG_MAP=0
		WRONG_REDUCE=0
	File Input Format Counters 
		Bytes Read=26436855
	File Output Format Counters 
		Bytes Written=653779
2026-09-18 12:21:48,800 INFO streaming.StreamJob: Output directory: output/ventes_annee
