2026-09-18 12:22:14,809 INFO client.DefaultNoHARMFailoverProxyProvider: Connecting to ResourceManager at hadoop-master/172.30.0.10:8032
2026-09-18 12:22:15,084 INFO client.DefaultNoHARMFailoverProxyProvider: Connecting to ResourceManager at hadoop-master/172.30.0.10:8032
2026-09-18 12:22:15,431 INFO mapreduce.JobResourceUploader: Disabling Erasure Coding for path: /tmp/hadoop-yarn/staging/root/.staging/job_1789732522524_0003
2026-09-18 12:22:15,960 INFO mapred.FileInputFormat: Total input files to process : 1
2026-09-18 12:22:16,059 INFO mapreduce.JobSubmitter: number of splits:2
2026-09-18 12:22:16,392 INFO mapreduce.JobSubmitter: Submitting tokens for job: job_1789732522524_0003
2026-09-18 12:22:16,392 INFO mapreduce.JobSubmitter: Executing with tokens: []
2026-09-18 12:22:16,614 INFO conf.Configuration: resource-types.xml not found
2026-09-18 12:22:16,615 INFO resource.ResourceUtils: Unable to find 'resource-types.xml'.
2026-09-18 12:22:16,700 INFO impl.YarnClientImpl: Submitted application application_1789732522524_0003
2026-09-18 12:22:16,767 INFO mapreduce.Job: The url to track the job: http://hadoop-master:8088/proxy/application_1789732522524_0003/
2026-09-18 12:22:16,769 INFO mapreduce.Job: Running job: job_1789732522524_0003
2026-09-18 12:22:29,010 INFO mapreduce.Job: Job job_1789732522524_0003 running in uber mode : false
2026-09-18 12:22:29,012 INFO mapreduce.Job:  map 0% reduce 0%
2026-09-18 12:22:41,137 INFO mapreduce.Job:  map 50% reduce 0%
2026-09-18 12:22:50,265 INFO mapreduce.Job:  map 100% reduce 0%
2026-09-18 12:22:57,314 INFO mapreduce.Job:  map 100% reduce 100%
2026-09-18 12:22:58,327 INFO mapreduce.Job: Job job_1789732522524_0003 completed successfully
2026-09-18 12:22:58,387 INFO mapreduce.Job: Counters: 54
	File System Counters
		FILE: Number of bytes read=2351409
		FILE: Number of bytes written=5544344
		FILE: Number of read operations=0
		FILE: Number of large read operations=0
		FILE: Number of write operations=0
		HDFS: Number of bytes read=26437073
		HDFS: Number of bytes written=0
		HDFS: Number of read operations=11
		HDFS: Number of large read operations=0
		HDFS: Number of write operations=2
		HDFS: Number of bytes read erasure-coded=0
	Job Counters 
		Launched map tasks=2
		Launched reduce tasks=1
		Rack-local map tasks=2
		Total time spent by all maps in occupied slots (ms)=30096
		Total time spent by all reduces in occupied slots (ms)=13258
		Total time spent by all map tasks (ms)=15048
		Total time spent by all reduce tasks (ms)=6629
		Total vcore-milliseconds taken by all map tasks=15048
		Total vcore-milliseconds taken by all reduce tasks=6629
		Total megabyte-milliseconds taken by all map tasks=3852288
		Total megabyte-milliseconds taken by all reduce tasks=1697024
	Map-Reduce Framework
		Map input records=135278
		Map output records=135274
		Map output bytes=2080855
		Map output materialized bytes=2351415
		Input split bytes=218
		Combine input records=0
		Combine output records=0
		Reduce input groups=6255
		Reduce shuffle bytes=2351415
		Reduce input records=135274
		Reduce output records=0
		Spilled Records=270548
		Shuffled Maps =2
		Failed Shuffles=0
		Merged Map outputs=2
		GC time elapsed (ms)=256
		CPU time spent (ms)=4180
		Physical memory (bytes) snapshot=494628864
		Virtual memory (bytes) snapshot=5967618048
		Total committed heap usage (bytes)=204087296
		Peak Map Physical memory (bytes)=176754688
		Peak Map Virtual memory (bytes)=1988984832
		Peak Reduce Physical memory (bytes)=142708736
		Peak Reduce Virtual memory (bytes)=1991876608
	Shuffle Errors
		BAD_ID=0
		CONNECTION=0
		IO_ERROR=0
		WRONG_LENGTH=0
		WRONG_MAP=0
		WRONG_REDUCE=0
	File Input Format Counters 
		Bytes Read=26436855
	File Output Format Counters 
		Bytes Written=0
2026-09-18 12:22:58,388 INFO streaming.StreamJob: Output directory: output/ventes_hbase
